[done] adult seed=0
[done] adult seed=3
[done] adult seed=1
[done] adult seed=2
[done] adult seed=6
[done] adult seed=4
[done] adult seed=5
[done] adult seed=7
[done] adult seed=8
[done] adult seed=9
[done] adult seed=10
[done] adult seed=11
[done] adult seed=13
[done] adult seed=12
[done] adult seed=14
[done] adult seed=15
[done] adult seed=16
[done] adult seed=17
[done] adult seed=18
[done] adult seed=19
[done] adult seed=22
[done] adult seed=20
[done] adult seed=21
[done] adult seed=23
[done] adult seed=26
[done] adult seed=24
[done] adult seed=25
[done] adult seed=27
[done] balance_scale seed=0
[done] balance_scale seed=1
[done] balance_scale seed=2
[done] balance_scale seed=3
[done] balance_scale seed=4
[done] balance_scale seed=5
[done] balance_scale seed=6
[done] balance_scale seed=7
[done] balance_scale seed=8
[done] balance_scale seed=9
[done] balance_scale seed=10
[done] balance_scale seed=11
[done] balance_scale seed=12
[done] adult seed=29
[done] adult seed=28
[done] balance_scale seed=13
[done] balance_scale seed=14
[done] balance_scale seed=15
[done] balance_scale seed=17
[done] balance_scale seed=16
[done] balance_scale seed=18
[done] balance_scale seed=19
[done] balance_scale seed=20
[done] balance_scale seed=21
[done] balance_scale seed=22
[done] balance_scale seed=23
[done] balance_scale seed=24
[done] balance_scale seed=25
[done] balance_scale seed=26
[done] balance_scale seed=27
[done] balance_scale seed=28
[done] balance_scale seed=29
[done] bank_marketing seed=0
[done] bank_marketing seed=1
[done] bank_marketing seed=3
[done] bank_marketing seed=2
[done] bank_marketing seed=4
[done] bank_marketing seed=6
[done] bank_marketing seed=5
[done] bank_marketing seed=7
[done] bank_marketing seed=8
[done] bank_marketing seed=9
[done] bank_marketing seed=10
[done] bank_marketing seed=11
[done] bank_marketing seed=12
[done] bank_marketing seed=13
[done] bank_marketing seed=14
[done] bank_marketing seed=15
[done] bank_marketing seed=16
[done] bank_marketing seed=17
[done] bank_marketing seed=19
[done] bank_marketing seed=18
[done] bank_marketing seed=20
[done] bank_marketing seed=21
[done] bank_marketing seed=22
[done] bank_marketing seed=23
[done] bank_marketing seed=24
[done] bank_marketing seed=25
[done] bank_marketing seed=27
[done] bank_marketing seed=26
[done] bank_marketing seed=28
[done] bank_marketing seed=29
[done] breast_cancer seed=1
[done] breast_cancer seed=0
[done] breast_cancer seed=2
[done] breast_cancer seed=3
[done] breast_cancer seed=4
[done] breast_cancer seed=5
[done] breast_cancer seed=6
[done] breast_cancer seed=8
[done] breast_cancer seed=9
[done] breast_cancer seed=7
[done] breast_cancer seed=10
[done] breast_cancer seed=11
[done] breast_cancer seed=12
[done] breast_cancer seed=13
[done] breast_cancer seed=14
[done] breast_cancer seed=17
[done] breast_cancer seed=16
[done] breast_cancer seed=15
[done] breast_cancer seed=18
[done] breast_cancer seed=20
[done] breast_cancer seed=19
[done] breast_cancer seed=21
[done] breast_cancer seed=22
[done] breast_cancer seed=23
[done] breast_cancer seed=25
[done] breast_cancer seed=24
[done] breast_cancer seed=26
[done] car_evaluation seed=0
[done] car_evaluation seed=1
[done] car_evaluation seed=2
[done] breast_cancer seed=27
[done] breast_cancer seed=29
[done] car_evaluation seed=3
[done] breast_cancer seed=28
[done] car_evaluation seed=4
[done] car_evaluation seed=5
[done] car_evaluation seed=6
[done] car_evaluation seed=7
[done] car_evaluation seed=8
[done] car_evaluation seed=9
[done] car_evaluation seed=10
[done] car_evaluation seed=11
[done] car_evaluation seed=12
[done] car_evaluation seed=13
[done] car_evaluation seed=16
[done] car_evaluation seed=14
[done] car_evaluation seed=15
[done] car_evaluation seed=17
[done] car_evaluation seed=18
[done] car_evaluation seed=20
[done] car_evaluation seed=19
[done] car_evaluation seed=21
[done] car_evaluation seed=23
[done] car_evaluation seed=22
[done] car_evaluation seed=24
[done] car_evaluation seed=25
[done] car_evaluation seed=26
[done] car_evaluation seed=27
[done] car_evaluation seed=28
[done] car_evaluation seed=29
[done] cmc seed=0
[done] cmc seed=1
[done] cmc seed=2
[done] cmc seed=3
[done] cmc seed=4
[done] cmc seed=5
[done] cmc seed=6
[done] cmc seed=7
[done] cmc seed=8
[done] cmc seed=9
[done] cmc seed=10
[done] cmc seed=11
[done] cmc seed=12
[done] cmc seed=13
[done] cmc seed=14
[done] cmc seed=15
[done] cmc seed=16
[done] cmc seed=17
[done] cmc seed=18
[done] cmc seed=19
[done] cmc seed=20
[done] cmc seed=22
[done] cmc seed=21
[done] cmc seed=23
[done] cmc seed=26
[done] cmc seed=24
[done] cmc seed=25
[done] cmc seed=27
[done] cmc seed=28
[done] cmc seed=29
[done] compas seed=0
[done] compas seed=1
[done] compas seed=2
[done] compas seed=3
[done] compas seed=4
[done] compas seed=5
[done] compas seed=6
[done] compas seed=7
[done] compas seed=8
[done] compas seed=9
[done] compas seed=10
[done] compas seed=11
[done] compas seed=12
[done] compas seed=13
[done] compas seed=14
[done] compas seed=15
[done] compas seed=16
[done] compas seed=17
[done] compas seed=18
[done] compas seed=19
[done] compas seed=21
[done] compas seed=20
[done] compas seed=22
[done] compas seed=23
[done] compas seed=24
[done] compas seed=25
[done] compas seed=26
[done] compas seed=27
[done] compas seed=29
[done] compas seed=28
[done] covertype_3000 seed=0
[done] covertype_3000 seed=3
[done] covertype_3000 seed=1
[done] covertype_3000 seed=2
[done] covertype_3000 seed=4
[done] covertype_3000 seed=6
[done] covertype_3000 seed=5
[done] covertype_3000 seed=7
[done] covertype_3000 seed=8
[done] covertype_3000 seed=9
[done] covertype_3000 seed=10
[done] covertype_3000 seed=11
[done] covertype_3000 seed=12
[done] covertype_3000 seed=13
[done] covertype_3000 seed=14
[done] covertype_3000 seed=15
[done] covertype_3000 seed=16
[done] covertype_3000 seed=17
[done] covertype_3000 seed=18
[done] covertype_3000 seed=19
[done] covertype_3000 seed=20
[done] covertype_3000 seed=21
[done] covertype_3000 seed=22
[done] covertype_3000 seed=23
[done] covertype_3000 seed=24
[done] covertype_3000 seed=25
[done] covertype_3000 seed=26
[done] covertype_3000 seed=27
[done] credit_approval seed=0
[done] credit_approval seed=1
[done] credit_approval seed=2
[done] credit_approval seed=3
[done] credit_approval seed=4
[done] credit_approval seed=5
[done] credit_approval seed=6
[done] covertype_3000 seed=28
[done] credit_approval seed=7
[done] covertype_3000 seed=29
[done] credit_approval seed=8
[done] credit_approval seed=9
[done] credit_approval seed=10
[done] credit_approval seed=11
[done] credit_approval seed=12
[done] credit_approval seed=13
[done] credit_approval seed=14
[done] credit_approval seed=15
[done] credit_approval seed=17
[done] credit_approval seed=16
[done] credit_approval seed=18
[done] credit_approval seed=19
[done] credit_approval seed=20
[done] credit_approval seed=21
[done] credit_approval seed=22
[done] credit_approval seed=23
[done] credit_approval seed=25
[done] credit_approval seed=24
[done] credit_approval seed=26
[done] credit_approval seed=27
[done] credit_approval seed=28
[done] credit_approval seed=29
[done] credit_g_openml seed=0
[done] credit_g_openml seed=2
[done] credit_g_openml seed=1
[done] credit_g_openml seed=3
[done] credit_g_openml seed=4
[done] credit_g_openml seed=5
[done] credit_g_openml seed=6
[done] credit_g_openml seed=7
[done] credit_g_openml seed=8
[done] credit_g_openml seed=9
[done] credit_g_openml seed=11
[done] credit_g_openml seed=10
[done] credit_g_openml seed=12
[done] credit_g_openml seed=14
[done] credit_g_openml seed=13
[done] credit_g_openml seed=15
[done] credit_g_openml seed=16
[done] credit_g_openml seed=17
[done] credit_g_openml seed=18
[done] credit_g_openml seed=19
[done] credit_g_openml seed=20
[done] credit_g_openml seed=22
[done] credit_g_openml seed=21
[done] credit_g_openml seed=23
[done] credit_g_openml seed=24
[done] credit_g_openml seed=25
[done] credit_g_openml seed=26
[done] credit_g_openml seed=27
[done] credit_g_openml seed=28
[done] diabetes seed=0
[done] credit_g_openml seed=29
[done] diabetes seed=1
[done] diabetes seed=2
[done] diabetes seed=3
[done] diabetes seed=4
[done] diabetes seed=5
[done] diabetes seed=6
[done] diabetes seed=7
[done] diabetes seed=9
[done] diabetes seed=8
[done] diabetes seed=10
[done] diabetes seed=11
[done] diabetes seed=13
[done] diabetes seed=12
[done] diabetes seed=14
[done] diabetes seed=15
[done] diabetes seed=16
[done] diabetes seed=17
[done] diabetes seed=18
[done] diabetes seed=19
[done] diabetes seed=20
[done] diabetes seed=21
[done] diabetes seed=22
[done] diabetes seed=23
[done] diabetes seed=25
[done] diabetes seed=24
[done] diabetes seed=27
[done] diabetes seed=26
[done] diabetes seed=28
[done] diabetes seed=29
[done] digits seed=0
[done] digits seed=1
[done] digits seed=2
[done] digits seed=3
[done] digits seed=4
[done] digits seed=5
[done] digits seed=6
[done] digits seed=7
[done] digits seed=8
[done] digits seed=9
[done] digits seed=11
[done] digits seed=10
[done] digits seed=12
[done] digits seed=13
[done] digits seed=14
[done] digits seed=15
[done] digits seed=16
[done] digits seed=17
[done] digits seed=18
[done] digits seed=19
[done] digits seed=20
[done] digits seed=21
[done] digits seed=22
[done] digits seed=23
[done] digits seed=24
[done] digits seed=25
[done] digits seed=26
[done] digits seed=27
[done] german_credit seed=0
[done] digits seed=28
[done] german_credit seed=1
[done] german_credit seed=2
[done] german_credit seed=3
[done] german_credit seed=4
[done] digits seed=29
[done] german_credit seed=5
[done] german_credit seed=6
[done] german_credit seed=7
[done] german_credit seed=8
[done] german_credit seed=9
[done] german_credit seed=11
[done] german_credit seed=10
[done] german_credit seed=12
[done] german_credit seed=13
[done] german_credit seed=15
[done] german_credit seed=14
[done] german_credit seed=16
[done] german_credit seed=17
[done] german_credit seed=19
[done] german_credit seed=18
[done] german_credit seed=20
[done] german_credit seed=22
[done] german_credit seed=21
[done] german_credit seed=23
[done] german_credit seed=24
[done] german_credit seed=26
[done] german_credit seed=25
[done] german_credit seed=27
[done] german_credit seed=28
[done] heart_statlog seed=0
[done] heart_statlog seed=1
[done] german_credit seed=29
[done] heart_statlog seed=2
[done] heart_statlog seed=3
[done] heart_statlog seed=4
[done] heart_statlog seed=6
[done] heart_statlog seed=5
[done] heart_statlog seed=7
[done] heart_statlog seed=10
[done] heart_statlog seed=8
[done] heart_statlog seed=9
[done] heart_statlog seed=11
[done] heart_statlog seed=12
[done] heart_statlog seed=13
[done] heart_statlog seed=14
[done] heart_statlog seed=15
[done] heart_statlog seed=16
[done] heart_statlog seed=17
[done] heart_statlog seed=18
[done] heart_statlog seed=19
[done] heart_statlog seed=20
[done] heart_statlog seed=22
[done] heart_statlog seed=21
[done] heart_statlog seed=23
[done] heart_statlog seed=24
[done] heart_statlog seed=26
[done] heart_statlog seed=25
[done] heart_statlog seed=27
[done] heart_statlog seed=28
[done] iris seed=0
[done] iris seed=1
[done] iris seed=2
[done] iris seed=3
[done] heart_statlog seed=29
[done] iris seed=4
[done] iris seed=5
[done] iris seed=6
[done] iris seed=7
[done] iris seed=8
[done] iris seed=9
[done] iris seed=10
[done] iris seed=11
[done] iris seed=12
[done] iris seed=13
[done] iris seed=14
[done] iris seed=15
[done] iris seed=16
[done] iris seed=17
[done] iris seed=18
[done] iris seed=19
[done] iris seed=20
[done] iris seed=21
[done] iris seed=22
[done] iris seed=23
[done] iris seed=24
[done] iris seed=25
[done] iris seed=26
[done] iris seed=27
[done] iris seed=28
[done] iris seed=29
[done] mfeat_morphological seed=0
[done] mfeat_morphological seed=1
[done] mfeat_morphological seed=2
[done] mfeat_morphological seed=3
[done] mfeat_morphological seed=5
[done] mfeat_morphological seed=4
[done] mfeat_morphological seed=6
[done] mfeat_morphological seed=7
[done] mfeat_morphological seed=9
[done] mfeat_morphological seed=8
[done] mfeat_morphological seed=10
[done] mfeat_morphological seed=11
[done] mfeat_morphological seed=13
[done] mfeat_morphological seed=12
[done] mfeat_morphological seed=14
[done] mfeat_morphological seed=15
[done] mfeat_morphological seed=16
[done] mfeat_morphological seed=17
[done] mfeat_morphological seed=18
[done] mfeat_morphological seed=19
[done] mfeat_morphological seed=21
[done] mfeat_morphological seed=20
[done] mfeat_morphological seed=22
[done] mfeat_morphological seed=23
[done] mfeat_morphological seed=24
[done] mfeat_morphological seed=26
[done] mfeat_morphological seed=25
[done] mfeat_morphological seed=27
[done] mfeat_morphological seed=28
[done] mfeat_morphological seed=29
[done] mushroom seed=0
[done] mushroom seed=1
[done] mushroom seed=2
[done] mushroom seed=3
[done] mushroom seed=4
[done] mushroom seed=5
[done] mushroom seed=7
[done] mushroom seed=6
[done] mushroom seed=8
[done] mushroom seed=9
[done] mushroom seed=10
[done] mushroom seed=11
[done] mushroom seed=12
[done] mushroom seed=13
[done] mushroom seed=14
[done] mushroom seed=15
[done] mushroom seed=16
[done] mushroom seed=17
[done] mushroom seed=18
[done] mushroom seed=19
[done] mushroom seed=20
[done] mushroom seed=21
[done] mushroom seed=22
[done] mushroom seed=23
[done] mushroom seed=25
[done] mushroom seed=24
[done] mushroom seed=26
[done] mushroom seed=27
[done] mushroom seed=29
[done] mushroom seed=28
[done] pendigits seed=2
[done] pendigits seed=1
[done] pendigits seed=0
[done] pendigits seed=3
[done] pendigits seed=6
[done] pendigits seed=4
[done] pendigits seed=5
[done] pendigits seed=7
[done] pendigits seed=8
[done] pendigits seed=9
[done] pendigits seed=10
[done] pendigits seed=11
[done] pendigits seed=12
[done] pendigits seed=14
[done] pendigits seed=13
[done] pendigits seed=15
[done] pendigits seed=16
[done] pendigits seed=17
[done] pendigits seed=18
[done] pendigits seed=19
[done] pendigits seed=20
[done] pendigits seed=22
[done] pendigits seed=21
[done] pendigits seed=23
[done] pendigits seed=24
[done] pendigits seed=25
[done] pendigits seed=27
[done] pendigits seed=26
[done] segment seed=0
[done] segment seed=1
[done] segment seed=2
[done] segment seed=3
[done] pendigits seed=29
[done] pendigits seed=28
[done] segment seed=4
[done] segment seed=5
[done] segment seed=6
[done] segment seed=7
[done] segment seed=8
[done] segment seed=9
[done] segment seed=11
[done] segment seed=10
[done] segment seed=12
[done] segment seed=13
[done] segment seed=15
[done] segment seed=14
[done] segment seed=16
[done] segment seed=17
[done] segment seed=18
[done] segment seed=19
[done] segment seed=20
[done] segment seed=21
[done] segment seed=22
[done] segment seed=23
[done] segment seed=24
[done] segment seed=25
[done] segment seed=26
[done] segment seed=27
[done] segment seed=28
[done] segment seed=29
[done] sonar seed=0
[done] sonar seed=1
[done] sonar seed=2
[done] sonar seed=3
[done] sonar seed=4
[done] sonar seed=6
[done] sonar seed=5
[done] sonar seed=7
[done] sonar seed=8
[done] sonar seed=10
[done] sonar seed=9
[done] sonar seed=11
[done] sonar seed=12
[done] sonar seed=14
[done] sonar seed=15
[done] sonar seed=13
[done] sonar seed=16
[done] sonar seed=17
[done] sonar seed=18
[done] sonar seed=19
[done] sonar seed=21
[done] sonar seed=20
[done] sonar seed=23
[done] sonar seed=22
[done] sonar seed=24
[done] sonar seed=25
[done] sonar seed=26
[done] synthetic_xor seed=0
[done] sonar seed=27
[done] synthetic_xor seed=1
[done] synthetic_xor seed=2
[done] synthetic_xor seed=3
[done] synthetic_xor seed=4
[done] sonar seed=28
[done] synthetic_xor seed=5
[done] synthetic_xor seed=6
[done] synthetic_xor seed=7
[done] synthetic_xor seed=9
[done] synthetic_xor seed=8
[done] synthetic_xor seed=10
[done] synthetic_xor seed=11
[done] synthetic_xor seed=12
[done] synthetic_xor seed=13
[done] synthetic_xor seed=15
[done] synthetic_xor seed=14
[done] synthetic_xor seed=16
[done] sonar seed=29
[done] synthetic_xor seed=17
[done] synthetic_xor seed=18
[done] synthetic_xor seed=21
[done] synthetic_xor seed=19
[done] synthetic_xor seed=20
[done] synthetic_xor seed=22
[done] synthetic_xor seed=23
[done] synthetic_xor seed=25
[done] synthetic_xor seed=24
[done] synthetic_xor seed=26
[done] synthetic_xor seed=27
[done] synthetic_xor seed=28
[done] synthetic_xor seed=29
[done] spambase seed=3
[done] spambase seed=2
[done] spambase seed=1
[done] spambase seed=0
[done] spambase seed=4
[done] spambase seed=6
[done] spambase seed=5
[done] spambase seed=7
[done] spambase seed=8
[done] spambase seed=9
[done] spambase seed=10
[done] spambase seed=11
[done] spambase seed=12
[done] spambase seed=13
[done] spambase seed=14
[done] spambase seed=15
[done] spambase seed=16
[done] spambase seed=17
[done] spambase seed=18
[done] spambase seed=19
[done] spambase seed=20
[done] spambase seed=21
[done] spambase seed=22
[done] spambase seed=23
[done] spambase seed=24
[done] spambase seed=25
[done] spambase seed=26
[done] ionosphere seed=0
[done] spambase seed=27
[done] ionosphere seed=1
[done] ionosphere seed=2
[done] spambase seed=29
[done] ionosphere seed=3
[done] spambase seed=28
[done] ionosphere seed=4
[done] ionosphere seed=5
[done] ionosphere seed=6
[done] ionosphere seed=7
[done] ionosphere seed=8
[done] ionosphere seed=9
[done] ionosphere seed=11
[done] ionosphere seed=10
[done] ionosphere seed=12
[done] ionosphere seed=13
[done] ionosphere seed=16
[done] ionosphere seed=14
[done] ionosphere seed=15
[done] ionosphere seed=17
[done] ionosphere seed=19
[done] ionosphere seed=18
[done] ionosphere seed=20
[done] ionosphere seed=21
[done] ionosphere seed=22
[done] ionosphere seed=23
[done] ionosphere seed=24
[done] ionosphere seed=25
[done] ionosphere seed=26
[done] ionosphere seed=27
[done] ionosphere seed=28
[done] tic_tac_toe seed=1
[done] tic_tac_toe seed=0
[done] tic_tac_toe seed=2
[done] tic_tac_toe seed=3
[done] tic_tac_toe seed=4
[done] ionosphere seed=29
[done] tic_tac_toe seed=5
[done] tic_tac_toe seed=6
[done] tic_tac_toe seed=7
[done] tic_tac_toe seed=8
[done] tic_tac_toe seed=9
[done] tic_tac_toe seed=10
[done] tic_tac_toe seed=11
[done] tic_tac_toe seed=12
[done] tic_tac_toe seed=13
[done] tic_tac_toe seed=14
[done] tic_tac_toe seed=15
[done] tic_tac_toe seed=16
[done] tic_tac_toe seed=17
[done] tic_tac_toe seed=18
[done] tic_tac_toe seed=19
[done] tic_tac_toe seed=20
[done] tic_tac_toe seed=21
[done] tic_tac_toe seed=22
[done] tic_tac_toe seed=23
[done] tic_tac_toe seed=24
[done] tic_tac_toe seed=25
[done] tic_tac_toe seed=26
[done] tic_tac_toe seed=27
[done] tic_tac_toe seed=28
[done] tic_tac_toe seed=29
[done] vehicle seed=1
[done] vehicle seed=0
[done] vehicle seed=2
[done] vehicle seed=3
[done] vehicle seed=4
[done] vehicle seed=6
[done] vehicle seed=5
[done] vehicle seed=7
[done] vehicle seed=8
[done] vehicle seed=9
[done] vehicle seed=11
[done] vehicle seed=10
[done] vehicle seed=12
[done] vehicle seed=13
[done] vehicle seed=14
[done] vehicle seed=15
[done] vehicle seed=16
[done] vehicle seed=18
[done] vehicle seed=17
[done] vehicle seed=19
[done] vehicle seed=20
[done] vehicle seed=23
[done] vehicle seed=21
[done] vehicle seed=22
[done] vehicle seed=24
[done] vehicle seed=26
[done] vehicle seed=25
[done] vehicle seed=27
[done] vote seed=0
[done] vote seed=1
[done] vote seed=2
[done] vote seed=3
[done] vote seed=4
[done] vote seed=5
[done] vote seed=6
[done] vehicle seed=28
[done] vehicle seed=29
[done] vote seed=7
[done] vote seed=8
[done] vote seed=9
[done] vote seed=10
[done] vote seed=11
[done] vote seed=12
[done] vote seed=13
[done] vote seed=14
[done] vote seed=15
[done] vote seed=16
[done] vote seed=17
[done] vote seed=18
[done] vote seed=19
[done] vote seed=20
[done] vote seed=21
[done] vote seed=22
[done] vote seed=23
[done] vote seed=24
[done] vote seed=25
[done] vote seed=27
[done] vote seed=26
[done] vote seed=28
[done] vote seed=29
[done] wine seed=2
[done] wine seed=0
[done] wine seed=1
[done] wine seed=3
[done] wine seed=4
[done] wine seed=5
[done] wine seed=6
[done] wine seed=7
[done] wine seed=8
[done] wine seed=9
[done] wine seed=10
[done] wine seed=11
[done] wine seed=12
[done] wine seed=13
[done] wine seed=15
[done] wine seed=14
[done] wine seed=16
[done] wine seed=17
[done] wine seed=19
[done] wine seed=18
[done] wine seed=20
[done] wine seed=21
[done] wine seed=22
[done] wine seed=23
[done] wine seed=25
[done] wine seed=24
[done] wine seed=26
[done] wine seed=27
[done] wine seed=28
[done] wine seed=29
{
  "completed": 810,
  "failures": 0,
  "elapsed_sec": 44.315558000002056
}
[done] adult seed=2
[done] adult seed=3
[done] adult seed=0
[done] adult seed=1
[done] adult seed=6
[done] adult seed=4
[done] adult seed=7
[done] adult seed=5
[done] adult seed=8
[done] adult seed=10
[done] adult seed=9
[done] adult seed=11
[done] adult seed=13
[done] adult seed=12
[done] adult seed=14
[done] adult seed=15
[done] adult seed=16
[done] adult seed=17
[done] adult seed=18
[done] adult seed=19
[done] adult seed=20
[done] adult seed=22
[done] adult seed=21
[done] adult seed=23
[done] adult seed=24
[done] adult seed=25
[done] adult seed=26
[done] balance_scale seed=0
[done] adult seed=27
[done] balance_scale seed=1
[done] balance_scale seed=2
[done] balance_scale seed=3
[done] balance_scale seed=4
[done] balance_scale seed=5
[done] balance_scale seed=6
[done] balance_scale seed=7
[done] balance_scale seed=8
[done] balance_scale seed=9
[done] balance_scale seed=10
[done] adult seed=28
[done] balance_scale seed=11
[done] balance_scale seed=12
[done] balance_scale seed=13
[done] adult seed=29
[done] balance_scale seed=14
[done] balance_scale seed=15
[done] balance_scale seed=16
[done] balance_scale seed=17
[done] balance_scale seed=18
[done] balance_scale seed=19
[done] balance_scale seed=20
[done] balance_scale seed=21
[done] balance_scale seed=23
[done] balance_scale seed=22
[done] balance_scale seed=24
[done] balance_scale seed=25
[done] balance_scale seed=26
[done] balance_scale seed=27
[done] balance_scale seed=28
[done] balance_scale seed=29
[done] bank_marketing seed=0
[done] bank_marketing seed=2
[done] bank_marketing seed=1
[done] bank_marketing seed=3
[done] bank_marketing seed=4
[done] bank_marketing seed=6
[done] bank_marketing seed=5
[done] bank_marketing seed=7
[done] bank_marketing seed=8
[done] bank_marketing seed=9
[done] bank_marketing seed=10
[done] bank_marketing seed=11
[done] bank_marketing seed=12
[done] bank_marketing seed=13
[done] bank_marketing seed=14
[done] bank_marketing seed=15
[done] bank_marketing seed=16
[done] bank_marketing seed=17
[done] bank_marketing seed=18
[done] bank_marketing seed=19
[done] bank_marketing seed=20
[done] bank_marketing seed=21
[done] bank_marketing seed=22
[done] bank_marketing seed=23
[done] bank_marketing seed=25
[done] bank_marketing seed=24
[done] bank_marketing seed=26
[done] bank_marketing seed=27
[done] breast_cancer seed=1
[done] breast_cancer seed=0
[done] bank_marketing seed=28
[done] bank_marketing seed=29
[done] breast_cancer seed=2
[done] breast_cancer seed=3
[done] breast_cancer seed=4
[done] breast_cancer seed=5
[done] breast_cancer seed=6
[done] breast_cancer seed=8
[done] breast_cancer seed=7
[done] breast_cancer seed=9
[done] breast_cancer seed=10
[done] breast_cancer seed=11
[done] breast_cancer seed=12
[done] breast_cancer seed=13
[done] breast_cancer seed=14
[done] breast_cancer seed=15
[done] breast_cancer seed=16
[done] breast_cancer seed=17
[done] breast_cancer seed=18
[done] breast_cancer seed=19
[done] breast_cancer seed=20
[done] breast_cancer seed=21
[done] breast_cancer seed=22
[done] breast_cancer seed=23
[done] breast_cancer seed=24
[done] breast_cancer seed=25
[done] breast_cancer seed=26
[done] breast_cancer seed=27
[done] car_evaluation seed=0
[done] car_evaluation seed=1
[done] breast_cancer seed=28
[done] car_evaluation seed=2
[done] car_evaluation seed=3
[done] car_evaluation seed=4
[done] car_evaluation seed=5
[done] car_evaluation seed=6
[done] breast_cancer seed=29
[done] car_evaluation seed=7
[done] car_evaluation seed=8
[done] car_evaluation seed=9
[done] car_evaluation seed=10
[done] car_evaluation seed=11
[done] car_evaluation seed=12
[done] car_evaluation seed=13
[done] car_evaluation seed=14
[done] car_evaluation seed=15
[done] car_evaluation seed=16
[done] car_evaluation seed=17
[done] car_evaluation seed=18
[done] car_evaluation seed=19
[done] car_evaluation seed=20
[done] car_evaluation seed=22
[done] car_evaluation seed=21
[done] car_evaluation seed=23
[done] car_evaluation seed=24
[done] car_evaluation seed=26
[done] car_evaluation seed=25
[done] car_evaluation seed=27
[done] car_evaluation seed=28
[done] car_evaluation seed=29
[done] cmc seed=0
[done] cmc seed=1
[done] cmc seed=2
[done] cmc seed=3
[done] cmc seed=4
[done] cmc seed=5
[done] cmc seed=6
[done] cmc seed=7
[done] cmc seed=8
[done] cmc seed=9
[done] cmc seed=10
[done] cmc seed=11
[done] cmc seed=12
[done] cmc seed=13
[done] cmc seed=14
[done] cmc seed=15
[done] cmc seed=16
[done] cmc seed=17
[done] cmc seed=18
[done] cmc seed=19
[done] cmc seed=20
[done] cmc seed=21
[done] cmc seed=22
[done] cmc seed=23
[done] cmc seed=24
[done] cmc seed=25
[done] cmc seed=26
[done] cmc seed=28
[done] cmc seed=27
[done] cmc seed=29
[done] compas seed=0
[done] compas seed=2
[done] compas seed=1
[done] compas seed=3
[done] compas seed=4
[done] compas seed=5
[done] compas seed=6
[done] compas seed=7
[done] compas seed=8
[done] compas seed=9
[done] compas seed=10
[done] compas seed=11
[done] compas seed=12
[done] compas seed=13
[done] compas seed=15
[done] compas seed=14
[done] compas seed=16
[done] compas seed=18
[done] compas seed=17
[done] compas seed=19
[done] compas seed=20
[done] compas seed=21
[done] compas seed=22
[done] compas seed=23
[done] compas seed=24
[done] compas seed=25
[done] compas seed=26
[done] compas seed=27
[done] compas seed=28
[done] covertype_3000 seed=0
[done] compas seed=29
[done] covertype_3000 seed=1
[done] covertype_3000 seed=2
[done] covertype_3000 seed=3
[done] covertype_3000 seed=5
[done] covertype_3000 seed=4
[done] covertype_3000 seed=6
[done] covertype_3000 seed=7
[done] covertype_3000 seed=9
[done] covertype_3000 seed=8
[done] covertype_3000 seed=10
[done] covertype_3000 seed=11
[done] covertype_3000 seed=12
[done] covertype_3000 seed=13
[done] covertype_3000 seed=14
[done] covertype_3000 seed=17
[done] covertype_3000 seed=15
[done] covertype_3000 seed=16
[done] covertype_3000 seed=18
[done] covertype_3000 seed=19
[done] covertype_3000 seed=21
[done] covertype_3000 seed=20
[done] covertype_3000 seed=23
[done] covertype_3000 seed=22
[done] covertype_3000 seed=25
[done] covertype_3000 seed=24
[done] covertype_3000 seed=27
[done] covertype_3000 seed=26
[done] covertype_3000 seed=28
[done] covertype_3000 seed=29
[done] credit_approval seed=0
[done] credit_approval seed=1
[done] credit_approval seed=2
[done] credit_approval seed=3
[done] credit_approval seed=4
[done] credit_approval seed=5
[done] credit_approval seed=6
[done] credit_approval seed=7
[done] credit_approval seed=8
[done] credit_approval seed=9
[done] credit_approval seed=10
[done] credit_approval seed=11
[done] credit_approval seed=12
[done] credit_approval seed=14
[done] credit_approval seed=13
[done] credit_approval seed=15
[done] credit_approval seed=16
[done] credit_approval seed=17
[done] credit_approval seed=18
[done] credit_approval seed=19
[done] credit_approval seed=20
[done] credit_approval seed=21
[done] credit_approval seed=22
[done] credit_approval seed=23
[done] credit_approval seed=24
[done] credit_approval seed=25
[done] credit_approval seed=26
[done] credit_approval seed=27
[done] credit_approval seed=28
[done] credit_approval seed=29
[done] credit_g_openml seed=0
[done] credit_g_openml seed=1
[done] credit_g_openml seed=2
[done] credit_g_openml seed=3
[done] credit_g_openml seed=4
[done] credit_g_openml seed=5
[done] credit_g_openml seed=6
[done] credit_g_openml seed=7
[done] credit_g_openml seed=8
[done] credit_g_openml seed=9
[done] credit_g_openml seed=10
[done] credit_g_openml seed=11
[done] credit_g_openml seed=12
[done] credit_g_openml seed=13
[done] credit_g_openml seed=14
[done] credit_g_openml seed=15
[done] credit_g_openml seed=16
[done] credit_g_openml seed=17
[done] credit_g_openml seed=18
[done] credit_g_openml seed=19
[done] credit_g_openml seed=20
[done] credit_g_openml seed=21
[done] credit_g_openml seed=22
[done] credit_g_openml seed=23
[done] credit_g_openml seed=24
[done] credit_g_openml seed=25
[done] credit_g_openml seed=26
[done] credit_g_openml seed=27
[done] credit_g_openml seed=29
[done] diabetes seed=0
[done] credit_g_openml seed=28
[done] diabetes seed=1
[done] diabetes seed=2
[done] diabetes seed=3
[done] diabetes seed=4
[done] diabetes seed=5
[done] diabetes seed=6
[done] diabetes seed=8
[done] diabetes seed=7
[done] diabetes seed=9
[done] diabetes seed=10
[done] diabetes seed=11
[done] diabetes seed=12
[done] diabetes seed=13
[done] diabetes seed=14
[done] diabetes seed=15
[done] diabetes seed=16
[done] diabetes seed=17
[done] diabetes seed=18
[done] diabetes seed=19
[done] diabetes seed=20
[done] diabetes seed=21
[done] diabetes seed=23
[done] diabetes seed=22
[done] diabetes seed=24
[done] diabetes seed=25
[done] diabetes seed=27
[done] diabetes seed=26
[done] diabetes seed=28
[done] diabetes seed=29
[done] digits seed=2
[done] digits seed=1
[done] digits seed=0
[done] digits seed=3
[done] digits seed=5
[done] digits seed=6
[done] digits seed=4
[done] digits seed=7
[done] digits seed=8
[done] digits seed=10
[done] digits seed=9
[done] digits seed=11
[done] digits seed=12
[done] digits seed=14
[done] digits seed=13
[done] digits seed=15
[done] digits seed=16
[done] digits seed=18
[done] digits seed=17
[done] digits seed=19
[done] digits seed=21
[done] digits seed=22
[done] digits seed=20
[done] digits seed=23
[done] digits seed=24
[done] digits seed=26
[done] digits seed=25
[done] digits seed=27
[done] german_credit seed=0
[done] german_credit seed=1
[done] german_credit seed=2
[done] digits seed=28
[done] german_credit seed=3
[done] digits seed=29
[done] german_credit seed=4
[done] german_credit seed=5
[done] german_credit seed=6
[done] german_credit seed=7
[done] german_credit seed=8
[done] german_credit seed=9
[done] german_credit seed=10
[done] german_credit seed=12
[done] german_credit seed=11
[done] german_credit seed=13
[done] german_credit seed=14
[done] german_credit seed=15
[done] german_credit seed=16
[done] german_credit seed=17
[done] german_credit seed=18
[done] german_credit seed=19
[done] german_credit seed=20
[done] german_credit seed=21
[done] german_credit seed=22
[done] german_credit seed=23
[done] german_credit seed=24
[done] german_credit seed=25
[done] german_credit seed=26
[done] german_credit seed=27
[done] german_credit seed=28
[done] german_credit seed=29
[done] heart_statlog seed=0
[done] heart_statlog seed=1
[done] heart_statlog seed=2
[done] heart_statlog seed=3
[done] heart_statlog seed=4
[done] heart_statlog seed=5
[done] heart_statlog seed=6
[done] heart_statlog seed=7
[done] heart_statlog seed=8
[done] heart_statlog seed=9
[done] heart_statlog seed=11
[done] heart_statlog seed=10
[done] heart_statlog seed=12
[done] heart_statlog seed=13
[done] heart_statlog seed=15
[done] heart_statlog seed=14
[done] heart_statlog seed=16
[done] heart_statlog seed=17
[done] heart_statlog seed=19
[done] heart_statlog seed=18
[done] heart_statlog seed=20
[done] heart_statlog seed=23
[done] heart_statlog seed=22
[done] heart_statlog seed=21
[done] heart_statlog seed=24
[done] heart_statlog seed=25
[done] heart_statlog seed=27
[done] heart_statlog seed=26
[done] heart_statlog seed=28
[done] iris seed=0
[done] iris seed=1
[done] iris seed=2
[done] heart_statlog seed=29
[done] iris seed=3
[done] iris seed=4
[done] iris seed=5
[done] iris seed=6
[done] iris seed=7
[done] iris seed=8
[done] iris seed=9
[done] iris seed=10
[done] iris seed=11
[done] iris seed=12
[done] iris seed=13
[done] iris seed=14
[done] iris seed=16
[done] iris seed=15
[done] iris seed=17
[done] iris seed=18
[done] iris seed=19
[done] iris seed=20
[done] iris seed=21
[done] iris seed=22
[done] iris seed=23
[done] iris seed=24
[done] iris seed=25
[done] iris seed=27
[done] iris seed=26
[done] iris seed=28
[done] iris seed=29
[done] mfeat_morphological seed=1
[done] mfeat_morphological seed=0
[done] mfeat_morphological seed=2
[done] mfeat_morphological seed=3
[done] mfeat_morphological seed=4
[done] mfeat_morphological seed=6
[done] mfeat_morphological seed=5
[done] mfeat_morphological seed=7
[done] mfeat_morphological seed=8
[done] mfeat_morphological seed=9
[done] mfeat_morphological seed=10
[done] mfeat_morphological seed=11
[done] mfeat_morphological seed=12
[done] mfeat_morphological seed=13
[done] mfeat_morphological seed=14
[done] mfeat_morphological seed=15
[done] mfeat_morphological seed=16
[done] mfeat_morphological seed=18
[done] mfeat_morphological seed=17
[done] mfeat_morphological seed=19
[done] mfeat_morphological seed=20
[done] mfeat_morphological seed=21
[done] mfeat_morphological seed=22
[done] mfeat_morphological seed=23
[done] mfeat_morphological seed=24
[done] mfeat_morphological seed=25
[done] mfeat_morphological seed=27
[done] mfeat_morphological seed=26
[done] mfeat_morphological seed=29
[done] mfeat_morphological seed=28
[done] mushroom seed=0
[done] mushroom seed=1
[done] mushroom seed=2
[done] mushroom seed=3
[done] mushroom seed=4
[done] mushroom seed=5
[done] mushroom seed=6
[done] mushroom seed=7
[done] mushroom seed=8
[done] mushroom seed=9
[done] mushroom seed=10
[done] mushroom seed=11
[done] mushroom seed=12
[done] mushroom seed=13
[done] mushroom seed=14
[done] mushroom seed=15
[done] mushroom seed=16
[done] mushroom seed=17
[done] mushroom seed=18
[done] mushroom seed=19
[done] mushroom seed=20
[done] mushroom seed=21
[done] mushroom seed=23
[done] mushroom seed=22
[done] mushroom seed=24
[done] mushroom seed=25
[done] mushroom seed=26
[done] mushroom seed=27
[done] mushroom seed=28
[done] mushroom seed=29
[done] pendigits seed=0
[done] pendigits seed=1
[done] pendigits seed=2
[done] pendigits seed=3
[done] pendigits seed=4
[done] pendigits seed=5
[done] pendigits seed=6
[done] pendigits seed=7
[done] pendigits seed=8
[done] pendigits seed=9
[done] pendigits seed=10
[done] pendigits seed=11
[done] pendigits seed=13
[done] pendigits seed=12
[done] pendigits seed=14
[done] pendigits seed=15
[done] pendigits seed=17
[done] pendigits seed=16
[done] pendigits seed=18
[done] pendigits seed=19
[done] pendigits seed=20
[done] pendigits seed=21
[done] pendigits seed=22
[done] pendigits seed=23
[done] pendigits seed=24
[done] pendigits seed=25
[done] pendigits seed=26
[done] pendigits seed=27
[done] segment seed=0
[done] segment seed=1
[done] pendigits seed=28
[done] pendigits seed=29
[done] segment seed=2
[done] segment seed=3
[done] segment seed=5
[done] segment seed=4
[done] segment seed=6
[done] segment seed=7
[done] segment seed=8
[done] segment seed=9
[done] segment seed=10
[done] segment seed=11
[done] segment seed=12
[done] segment seed=13
[done] segment seed=14
[done] segment seed=15
[done] segment seed=16
[done] segment seed=17
[done] segment seed=18
[done] segment seed=19
[done] segment seed=21
[done] segment seed=20
[done] segment seed=22
[done] segment seed=23
[done] segment seed=24
[done] segment seed=25
[done] segment seed=26
[done] segment seed=28
[done] segment seed=29
[done] segment seed=27
[done] sonar seed=0
[done] sonar seed=1
[done] sonar seed=3
[done] sonar seed=2
[done] sonar seed=4
[done] sonar seed=5
[done] sonar seed=6
[done] sonar seed=7
[done] sonar seed=8
[done] sonar seed=9
[done] sonar seed=10
[done] sonar seed=11
[done] sonar seed=12
[done] sonar seed=14
[done] sonar seed=13
[done] sonar seed=15
[done] sonar seed=16
[done] sonar seed=17
[done] sonar seed=18
[done] sonar seed=19
[done] sonar seed=20
[done] sonar seed=21
[done] sonar seed=23
[done] sonar seed=22
[done] sonar seed=24
[done] sonar seed=25
[done] sonar seed=27
[done] sonar seed=26
[done] synthetic_xor seed=0
[done] synthetic_xor seed=1
[done] synthetic_xor seed=2
[done] synthetic_xor seed=3
[done] synthetic_xor seed=4
[done] synthetic_xor seed=5
[done] sonar seed=28
[done] synthetic_xor seed=6
[done] synthetic_xor seed=8
[done] synthetic_xor seed=7
[done] sonar seed=29
[done] synthetic_xor seed=9
[done] synthetic_xor seed=10
[done] synthetic_xor seed=11
[done] synthetic_xor seed=12
[done] synthetic_xor seed=13
[done] synthetic_xor seed=14
[done] synthetic_xor seed=15
[done] synthetic_xor seed=17
[done] synthetic_xor seed=16
[done] synthetic_xor seed=18
[done] synthetic_xor seed=19
[done] synthetic_xor seed=20
[done] synthetic_xor seed=21
[done] synthetic_xor seed=23
[done] synthetic_xor seed=22
[done] synthetic_xor seed=24
[done] synthetic_xor seed=25
[done] synthetic_xor seed=26
[done] synthetic_xor seed=27
[done] synthetic_xor seed=28
[done] synthetic_xor seed=29
[done] spambase seed=2
[done] spambase seed=3
[done] spambase seed=1
[done] spambase seed=0
[done] spambase seed=6
[done] spambase seed=5
[done] spambase seed=4
[done] spambase seed=7
[done] spambase seed=8
[done] spambase seed=9
[done] spambase seed=10
[done] spambase seed=11
[done] spambase seed=12
[done] spambase seed=13
[done] spambase seed=14
[done] spambase seed=15
[done] spambase seed=16
[done] spambase seed=17
[done] spambase seed=18
[done] spambase seed=19
[done] spambase seed=20
[done] spambase seed=22
[done] spambase seed=21
[done] spambase seed=23
[done] spambase seed=26
[done] spambase seed=24
[done] spambase seed=25
[done] ionosphere seed=0
[done] spambase seed=27
[done] ionosphere seed=1
[done] ionosphere seed=2
[done] ionosphere seed=3
[done] spambase seed=29
[done] spambase seed=28
[done] ionosphere seed=4
[done] ionosphere seed=5
[done] ionosphere seed=6
[done] ionosphere seed=7
[done] ionosphere seed=8
[done] ionosphere seed=9
[done] ionosphere seed=10
[done] ionosphere seed=11
[done] ionosphere seed=12
[done] ionosphere seed=13
[done] ionosphere seed=15
[done] ionosphere seed=14
[done] ionosphere seed=16
[done] ionosphere seed=17
[done] ionosphere seed=18
[done] ionosphere seed=19
[done] ionosphere seed=20
[done] ionosphere seed=21
[done] ionosphere seed=22
[done] ionosphere seed=23
[done] ionosphere seed=24
[done] ionosphere seed=25
[done] ionosphere seed=26
[done] ionosphere seed=27
[done] tic_tac_toe seed=0
[done] tic_tac_toe seed=1
[done] ionosphere seed=28
[done] tic_tac_toe seed=2
[done] tic_tac_toe seed=3
[done] tic_tac_toe seed=4
[done] ionosphere seed=29
[done] tic_tac_toe seed=5
[done] tic_tac_toe seed=6
[done] tic_tac_toe seed=7
[done] tic_tac_toe seed=8
[done] tic_tac_toe seed=10
[done] tic_tac_toe seed=9
[done] tic_tac_toe seed=11
[done] tic_tac_toe seed=12
[done] tic_tac_toe seed=13
[done] tic_tac_toe seed=14
[done] tic_tac_toe seed=15
[done] tic_tac_toe seed=16
[done] tic_tac_toe seed=18
[done] tic_tac_toe seed=17
[done] tic_tac_toe seed=19
[done] tic_tac_toe seed=20
[done] tic_tac_toe seed=22
[done] tic_tac_toe seed=21
[done] tic_tac_toe seed=23
[done] tic_tac_toe seed=24
[done] tic_tac_toe seed=25
[done] tic_tac_toe seed=26
[done] tic_tac_toe seed=27
[done] tic_tac_toe seed=28
[done] tic_tac_toe seed=29
[done] vehicle seed=0
[done] vehicle seed=1
[done] vehicle seed=2
[done] vehicle seed=3
[done] vehicle seed=4
[done] vehicle seed=5
[done] vehicle seed=6
[done] vehicle seed=7
[done] vehicle seed=8
[done] vehicle seed=9
[done] vehicle seed=10
[done] vehicle seed=11
[done] vehicle seed=12
[done] vehicle seed=13
[done] vehicle seed=14
[done] vehicle seed=15
[done] vehicle seed=16
[done] vehicle seed=17
[done] vehicle seed=18
[done] vehicle seed=19
[done] vehicle seed=21
[done] vehicle seed=20
[done] vehicle seed=22
[done] vehicle seed=23
[done] vehicle seed=25
[done] vehicle seed=24
[done] vehicle seed=26
[done] vehicle seed=27
[done] vote seed=0
[done] vote seed=1
[done] vote seed=2
[done] vote seed=3
[done] vote seed=4
[done] vote seed=5
[done] vehicle seed=28
[done] vote seed=6
[done] vehicle seed=29
[done] vote seed=7
[done] vote seed=8
[done] vote seed=9
[done] vote seed=10
[done] vote seed=11
[done] vote seed=13
[done] vote seed=12
[done] vote seed=14
[done] vote seed=15
[done] vote seed=17
[done] vote seed=16
[done] vote seed=19
[done] vote seed=18
[done] vote seed=20
[done] vote seed=22
[done] vote seed=21
[done] vote seed=23
[done] vote seed=27
[done] vote seed=24
[done] vote seed=25
[done] vote seed=26
[done] vote seed=28
[done] vote seed=29
[done] wine seed=0
[done] wine seed=1
[done] wine seed=2
[done] wine seed=3
[done] wine seed=4
[done] wine seed=5
[done] wine seed=6
[done] wine seed=7
[done] wine seed=8
[done] wine seed=9
[done] wine seed=10
[done] wine seed=11
[done] wine seed=12
[done] wine seed=13
[done] wine seed=14
[done] wine seed=15
[done] wine seed=16
[done] wine seed=17
[done] wine seed=18
[done] wine seed=19
[done] wine seed=21
[done] wine seed=20
[done] wine seed=22
[done] wine seed=23
[done] wine seed=24
[done] wine seed=25
[done] wine seed=26
[done] wine seed=27
[done] wine seed=28
[done] wine seed=29
{
  "completed": 810,
  "failures": 0,
  "elapsed_sec": 403.4167219999945
}
[done] adult seed=3
[done] adult seed=2
[done] adult seed=0
[done] adult seed=1
[done] adult seed=6
[done] adult seed=4
[done] adult seed=7
[done] adult seed=5
[done] adult seed=8
[done] adult seed=9
[done] adult seed=10
[done] adult seed=11
[done] adult seed=12
[done] adult seed=13
[done] adult seed=14
[done] adult seed=15
[done] adult seed=16
[done] adult seed=17
[done] adult seed=18
[done] adult seed=19
[done] adult seed=22
[done] adult seed=20
[done] adult seed=21
[done] adult seed=23
[done] adult seed=24
[done] adult seed=25
[done] adult seed=26
[done] balance_scale seed=0
[done] adult seed=27
[done] balance_scale seed=1
[done] balance_scale seed=2
[done] balance_scale seed=3
[done] balance_scale seed=4
[done] balance_scale seed=5
[done] balance_scale seed=6
[done] balance_scale seed=7
[done] balance_scale seed=8
[done] balance_scale seed=9
[done] balance_scale seed=10
[done] balance_scale seed=11
[done] balance_scale seed=12
[done] balance_scale seed=13
[done] balance_scale seed=14
[done] adult seed=28
[done] adult seed=29
[done] balance_scale seed=15
[done] balance_scale seed=16
[done] balance_scale seed=17
[done] balance_scale seed=18
[done] balance_scale seed=19
[done] balance_scale seed=20
[done] balance_scale seed=21
[done] balance_scale seed=22
[done] balance_scale seed=23
[done] balance_scale seed=24
[done] balance_scale seed=25
[done] balance_scale seed=26
[done] balance_scale seed=27
[done] balance_scale seed=28
[done] balance_scale seed=29
[done] bank_marketing seed=2
[done] bank_marketing seed=0
[done] bank_marketing seed=3
[done] bank_marketing seed=1
[done] bank_marketing seed=4
[done] bank_marketing seed=7
[done] bank_marketing seed=5
[done] bank_marketing seed=6
[done] bank_marketing seed=8
[done] bank_marketing seed=9
[done] bank_marketing seed=10
[done] bank_marketing seed=11
[done] bank_marketing seed=12
[done] bank_marketing seed=13
[done] bank_marketing seed=14
[done] bank_marketing seed=15
[done] bank_marketing seed=16
[done] bank_marketing seed=17
[done] bank_marketing seed=18
[done] bank_marketing seed=19
[done] bank_marketing seed=20
[done] bank_marketing seed=21
[done] bank_marketing seed=22
[done] bank_marketing seed=23
[done] bank_marketing seed=24
[done] bank_marketing seed=25
[done] bank_marketing seed=26
[done] bank_marketing seed=27
[done] bank_marketing seed=28
[done] bank_marketing seed=29
[done] breast_cancer seed=0
[done] breast_cancer seed=1
[done] breast_cancer seed=4
[done] breast_cancer seed=3
[done] breast_cancer seed=2
[done] breast_cancer seed=5
[done] breast_cancer seed=6
[done] breast_cancer seed=8
[done] breast_cancer seed=7
[done] breast_cancer seed=9
[done] breast_cancer seed=10
[done] breast_cancer seed=11
[done] breast_cancer seed=12
[done] breast_cancer seed=13
[done] breast_cancer seed=14
[done] breast_cancer seed=15
[done] breast_cancer seed=16
[done] breast_cancer seed=17
[done] breast_cancer seed=18
[done] breast_cancer seed=20
[done] breast_cancer seed=19
[done] breast_cancer seed=21
[done] breast_cancer seed=22
[done] breast_cancer seed=23
[done] breast_cancer seed=24
[done] breast_cancer seed=25
[done] breast_cancer seed=26
[done] breast_cancer seed=27
[done] car_evaluation seed=0
[done] car_evaluation seed=1
[done] car_evaluation seed=2
[done] car_evaluation seed=3
[done] breast_cancer seed=28
[done] car_evaluation seed=4
[done] car_evaluation seed=5
[done] car_evaluation seed=6
[done] car_evaluation seed=7
[done] breast_cancer seed=29
[done] car_evaluation seed=8
[done] car_evaluation seed=9
[done] car_evaluation seed=10
[done] car_evaluation seed=11
[done] car_evaluation seed=12
[done] car_evaluation seed=13
[done] car_evaluation seed=14
[done] car_evaluation seed=15
[done] car_evaluation seed=16
[done] car_evaluation seed=17
[done] car_evaluation seed=18
[done] car_evaluation seed=19
[done] car_evaluation seed=20
[done] car_evaluation seed=22
[done] car_evaluation seed=21
[done] car_evaluation seed=23
[done] car_evaluation seed=24
[done] car_evaluation seed=25
[done] car_evaluation seed=26
[done] car_evaluation seed=27
[done] car_evaluation seed=28
[done] car_evaluation seed=29
[done] cmc seed=0
[done] cmc seed=2
[done] cmc seed=1
[done] cmc seed=3
[done] cmc seed=4
[done] cmc seed=5
[done] cmc seed=6
[done] cmc seed=7
[done] cmc seed=8
[done] cmc seed=9
[done] cmc seed=10
[done] cmc seed=11
[done] cmc seed=12
[done] cmc seed=13
[done] cmc seed=14
[done] cmc seed=15
[done] cmc seed=16
[done] cmc seed=17
[done] cmc seed=18
[done] cmc seed=19
[done] cmc seed=20
[done] cmc seed=21
[done] cmc seed=22
[done] cmc seed=23
[done] cmc seed=24
[done] cmc seed=25
[done] cmc seed=26
[done] cmc seed=27
[done] cmc seed=28
[done] cmc seed=29
[done] compas seed=0
[done] compas seed=2
[done] compas seed=1
[done] compas seed=3
[done] compas seed=5
[done] compas seed=4
[done] compas seed=6
[done] compas seed=7
[done] compas seed=8
[done] compas seed=9
[done] compas seed=10
[done] compas seed=11
[done] compas seed=12
[done] compas seed=13
[done] compas seed=14
[done] compas seed=15
[done] compas seed=16
[done] compas seed=17
[done] compas seed=18
[done] compas seed=19
[done] compas seed=20
[done] compas seed=21
[done] compas seed=22
[done] compas seed=23
[done] compas seed=24
[done] compas seed=25
[done] compas seed=26
[done] compas seed=27
[done] compas seed=28
[done] compas seed=29
[done] covertype_3000 seed=0
[done] covertype_3000 seed=1
[done] covertype_3000 seed=2
[done] covertype_3000 seed=3
[done] covertype_3000 seed=4
[done] covertype_3000 seed=5
[done] covertype_3000 seed=6
[done] covertype_3000 seed=7
[done] covertype_3000 seed=8
[done] covertype_3000 seed=9
[done] covertype_3000 seed=10
[done] covertype_3000 seed=11
[done] covertype_3000 seed=12
[done] covertype_3000 seed=13
[done] covertype_3000 seed=14
[done] covertype_3000 seed=15
[done] covertype_3000 seed=16
[done] covertype_3000 seed=17
[done] covertype_3000 seed=18
[done] covertype_3000 seed=19
[done] covertype_3000 seed=21
[done] covertype_3000 seed=20
[done] covertype_3000 seed=22
[done] covertype_3000 seed=23
[done] covertype_3000 seed=25
[done] covertype_3000 seed=24
[done] covertype_3000 seed=27
[done] covertype_3000 seed=26
[done] credit_approval seed=0
[done] credit_approval seed=1
[done] covertype_3000 seed=28
[done] credit_approval seed=2
[done] credit_approval seed=3
[done] covertype_3000 seed=29
[done] credit_approval seed=6
[done] credit_approval seed=4
[done] credit_approval seed=5
[done] credit_approval seed=7
[done] credit_approval seed=8
[done] credit_approval seed=9
[done] credit_approval seed=10
[done] credit_approval seed=11
[done] credit_approval seed=12
[done] credit_approval seed=13
[done] credit_approval seed=14
[done] credit_approval seed=15
[done] credit_approval seed=17
[done] credit_approval seed=16
[done] credit_approval seed=18
[done] credit_approval seed=19
[done] credit_approval seed=20
[done] credit_approval seed=21
[done] credit_approval seed=22
[done] credit_approval seed=23
[done] credit_approval seed=24
[done] credit_approval seed=25
[done] credit_approval seed=26
[done] credit_approval seed=27
[done] credit_approval seed=29
[done] credit_approval seed=28
[done] credit_g_openml seed=0
[done] credit_g_openml seed=1
[done] credit_g_openml seed=2
[done] credit_g_openml seed=3
[done] credit_g_openml seed=4
[done] credit_g_openml seed=6
[done] credit_g_openml seed=5
[done] credit_g_openml seed=7
[done] credit_g_openml seed=8
[done] credit_g_openml seed=9
[done] credit_g_openml seed=10
[done] credit_g_openml seed=11
[done] credit_g_openml seed=12
[done] credit_g_openml seed=13
[done] credit_g_openml seed=14
[done] credit_g_openml seed=15
[done] credit_g_openml seed=16
[done] credit_g_openml seed=17
[done] credit_g_openml seed=18
[done] credit_g_openml seed=19
[done] credit_g_openml seed=20
[done] credit_g_openml seed=21
[done] credit_g_openml seed=22
[done] credit_g_openml seed=23
[done] credit_g_openml seed=24
[done] credit_g_openml seed=25
[done] credit_g_openml seed=26
[done] credit_g_openml seed=27
[done] credit_g_openml seed=28
[done] diabetes seed=0
[done] credit_g_openml seed=29
[done] diabetes seed=1
[done] diabetes seed=2
[done] diabetes seed=3
[done] diabetes seed=4
[done] diabetes seed=5
[done] diabetes seed=6
[done] diabetes seed=7
[done] diabetes seed=8
[done] diabetes seed=9
[done] diabetes seed=10
[done] diabetes seed=11
[done] diabetes seed=12
[done] diabetes seed=13
[done] diabetes seed=14
[done] diabetes seed=15
[done] diabetes seed=16
[done] diabetes seed=17
[done] diabetes seed=18
[done] diabetes seed=19
[done] diabetes seed=20
[done] diabetes seed=21
[done] diabetes seed=22
[done] diabetes seed=24
[done] diabetes seed=23
[done] diabetes seed=25
[done] diabetes seed=27
[done] diabetes seed=26
[done] diabetes seed=28
[done] diabetes seed=29
[done] digits seed=0
[done] digits seed=1
[done] digits seed=2
[done] digits seed=3
[done] digits seed=5
[done] digits seed=6
[done] digits seed=4
[done] digits seed=7
[done] digits seed=8
[done] digits seed=9
[done] digits seed=11
[done] digits seed=10
[done] digits seed=12
[done] digits seed=14
[done] digits seed=13
[done] digits seed=15
[done] digits seed=16
[done] digits seed=17
[done] digits seed=18
[done] digits seed=19
[done] digits seed=20
[done] digits seed=21
[done] digits seed=22
[done] digits seed=23
[done] digits seed=24
[done] digits seed=26
[done] digits seed=25
[done] digits seed=27
[done] german_credit seed=0
[done] german_credit seed=1
[done] german_credit seed=2
[done] german_credit seed=3
[done] german_credit seed=4
[done] digits seed=28
[done] german_credit seed=5
[done] digits seed=29
[done] german_credit seed=6
[done] german_credit seed=8
[done] german_credit seed=7
[done] german_credit seed=9
[done] german_credit seed=10
[done] german_credit seed=11
[done] german_credit seed=12
[done] german_credit seed=13
[done] german_credit seed=14
[done] german_credit seed=15
[done] german_credit seed=16
[done] german_credit seed=17
[done] german_credit seed=18
[done] german_credit seed=19
[done] german_credit seed=20
[done] german_credit seed=21
[done] german_credit seed=22
[done] german_credit seed=23
[done] german_credit seed=24
[done] german_credit seed=25
[done] german_credit seed=26
[done] german_credit seed=28
[done] german_credit seed=29
[done] german_credit seed=27
[done] heart_statlog seed=0
[done] heart_statlog seed=2
[done] heart_statlog seed=1
[done] heart_statlog seed=3
[done] heart_statlog seed=4
[done] heart_statlog seed=5
[done] heart_statlog seed=6
[done] heart_statlog seed=7
[done] heart_statlog seed=8
[done] heart_statlog seed=10
[done] heart_statlog seed=9
[done] heart_statlog seed=11
[done] heart_statlog seed=12
[done] heart_statlog seed=13
[done] heart_statlog seed=14
[done] heart_statlog seed=15
[done] heart_statlog seed=16
[done] heart_statlog seed=17
[done] heart_statlog seed=18
[done] heart_statlog seed=19
[done] heart_statlog seed=20
[done] heart_statlog seed=21
[done] heart_statlog seed=22
[done] heart_statlog seed=23
[done] heart_statlog seed=24
[done] heart_statlog seed=25
[done] heart_statlog seed=26
[done] heart_statlog seed=27
[done] heart_statlog seed=28
[done] iris seed=0
[done] iris seed=1
[done] iris seed=2
[done] iris seed=3
[done] iris seed=4
[done] heart_statlog seed=29
[done] iris seed=6
[done] iris seed=5
[done] iris seed=7
[done] iris seed=8
[done] iris seed=10
[done] iris seed=9
[done] iris seed=11
[done] iris seed=12
[done] iris seed=14
[done] iris seed=13
[done] iris seed=15
[done] iris seed=16
[done] iris seed=17
[done] iris seed=18
[done] iris seed=19
[done] iris seed=20
[done] iris seed=21
[done] iris seed=22
[done] iris seed=23
[done] iris seed=24
[done] iris seed=25
[done] iris seed=26
[done] iris seed=27
[done] iris seed=28
[done] iris seed=29
[done] mfeat_morphological seed=1
[done] mfeat_morphological seed=0
[done] mfeat_morphological seed=3
[done] mfeat_morphological seed=2
[done] mfeat_morphological seed=6
[done] mfeat_morphological seed=4
[done] mfeat_morphological seed=5
[done] mfeat_morphological seed=7
[done] mfeat_morphological seed=8
[done] mfeat_morphological seed=9
[done] mfeat_morphological seed=10
[done] mfeat_morphological seed=11
[done] mfeat_morphological seed=12
[done] mfeat_morphological seed=13
[done] mfeat_morphological seed=14
[done] mfeat_morphological seed=15
[done] mfeat_morphological seed=16
[done] mfeat_morphological seed=18
[done] mfeat_morphological seed=17
[done] mfeat_morphological seed=19
[done] mfeat_morphological seed=21
[done] mfeat_morphological seed=20
[done] mfeat_morphological seed=22
[done] mfeat_morphological seed=23
[done] mfeat_morphological seed=25
[done] mfeat_morphological seed=24
[done] mfeat_morphological seed=26
[done] mfeat_morphological seed=27
[done] mfeat_morphological seed=28
[done] mfeat_morphological seed=29
[done] mushroom seed=0
[done] mushroom seed=1
[done] mushroom seed=2
[done] mushroom seed=3
[done] mushroom seed=4
[done] mushroom seed=5
[done] mushroom seed=7
[done] mushroom seed=6
[done] mushroom seed=8
[done] mushroom seed=9
[done] mushroom seed=10
[done] mushroom seed=11
[done] mushroom seed=12
[done] mushroom seed=14
[done] mushroom seed=13
[done] mushroom seed=15
[done] mushroom seed=16
[done] mushroom seed=18
[done] mushroom seed=17
[done] mushroom seed=19
[done] mushroom seed=20
[done] mushroom seed=23
[done] mushroom seed=21
[done] mushroom seed=22
[done] mushroom seed=24
[done] mushroom seed=26
[done] mushroom seed=25
[done] mushroom seed=27
[done] mushroom seed=28
[done] mushroom seed=29
[done] pendigits seed=0
[done] pendigits seed=1
[done] pendigits seed=2
[done] pendigits seed=3
[done] pendigits seed=5
[done] pendigits seed=4
[done] pendigits seed=6
[done] pendigits seed=7
[done] pendigits seed=10
[done] pendigits seed=8
[done] pendigits seed=9
[done] pendigits seed=11
[done] pendigits seed=14
[done] pendigits seed=13
[done] pendigits seed=12
[done] pendigits seed=15
[done] pendigits seed=17
[done] pendigits seed=16
[done] pendigits seed=18
[done] pendigits seed=19
[done] pendigits seed=20
[done] pendigits seed=21
[done] pendigits seed=22
[done] pendigits seed=23
[done] pendigits seed=24
[done] pendigits seed=25
[done] pendigits seed=26
[done] pendigits seed=27
[done] segment seed=0
[done] segment seed=1
[done] pendigits seed=28
[done] pendigits seed=29
[done] segment seed=2
[done] segment seed=3
[done] segment seed=5
[done] segment seed=4
[done] segment seed=6
[done] segment seed=7
[done] segment seed=8
[done] segment seed=9
[done] segment seed=10
[done] segment seed=11
[done] segment seed=12
[done] segment seed=13
[done] segment seed=14
[done] segment seed=15
[done] segment seed=17
[done] segment seed=16
[done] segment seed=18
[done] segment seed=19
[done] segment seed=21
[done] segment seed=20
[done] segment seed=22
[done] segment seed=23
[done] segment seed=25
[done] segment seed=24
[done] segment seed=26
[done] segment seed=28
[done] segment seed=29
[done] segment seed=27
[done] sonar seed=0
[done] sonar seed=1
[done] sonar seed=3
[done] sonar seed=2
[done] sonar seed=4
[done] sonar seed=6
[done] sonar seed=5
[done] sonar seed=7
[done] sonar seed=8
[done] sonar seed=10
[done] sonar seed=9
[done] sonar seed=11
[done] sonar seed=12
[done] sonar seed=15
[done] sonar seed=13
[done] sonar seed=14
[done] sonar seed=16
[done] sonar seed=17
[done] sonar seed=19
[done] sonar seed=18
[done] sonar seed=20
[done] sonar seed=21
[done] sonar seed=23
[done] sonar seed=22
[done] sonar seed=24
[done] sonar seed=25
[done] sonar seed=27
[done] sonar seed=26
[done] synthetic_xor seed=0
[done] synthetic_xor seed=1
[done] synthetic_xor seed=2
[done] synthetic_xor seed=3
[done] synthetic_xor seed=4
[done] synthetic_xor seed=5
[done] synthetic_xor seed=6
[done] sonar seed=28
[done] synthetic_xor seed=7
[done] synthetic_xor seed=8
[done] synthetic_xor seed=9
[done] synthetic_xor seed=10
[done] sonar seed=29
[done] synthetic_xor seed=11
[done] synthetic_xor seed=12
[done] synthetic_xor seed=13
[done] synthetic_xor seed=15
[done] synthetic_xor seed=14
[done] synthetic_xor seed=16
[done] synthetic_xor seed=17
[done] synthetic_xor seed=19
[done] synthetic_xor seed=18
[done] synthetic_xor seed=20
[done] synthetic_xor seed=21
[done] synthetic_xor seed=23
[done] synthetic_xor seed=22
[done] synthetic_xor seed=24
[done] synthetic_xor seed=25
[done] synthetic_xor seed=26
[done] synthetic_xor seed=27
[done] synthetic_xor seed=28
[done] synthetic_xor seed=29
[done] spambase seed=2
[done] spambase seed=3
[done] spambase seed=1
[done] spambase seed=0
[done] spambase seed=6
[done] spambase seed=4
[done] spambase seed=5
[done] spambase seed=7
[done] spambase seed=8
[done] spambase seed=9
[done] spambase seed=10
[done] spambase seed=11
[done] spambase seed=12
[done] spambase seed=13
[done] spambase seed=14
[done] spambase seed=15
[done] spambase seed=17
[done] spambase seed=16
[done] spambase seed=18
[done] spambase seed=19
[done] spambase seed=20
[done] spambase seed=22
[done] spambase seed=21
[done] spambase seed=23
[done] spambase seed=26
[done] spambase seed=25
[done] spambase seed=24
[done] ionosphere seed=0
[done] spambase seed=27
[done] ionosphere seed=1
[done] ionosphere seed=2
[done] ionosphere seed=3
[done] spambase seed=29
[done] spambase seed=28
[done] ionosphere seed=4
[done] ionosphere seed=5
[done] ionosphere seed=6
[done] ionosphere seed=7
[done] ionosphere seed=8
[done] ionosphere seed=9
[done] ionosphere seed=11
[done] ionosphere seed=10
[done] ionosphere seed=12
[done] ionosphere seed=13
[done] ionosphere seed=14
[done] ionosphere seed=15
[done] ionosphere seed=16
[done] ionosphere seed=18
[done] ionosphere seed=17
[done] ionosphere seed=19
[done] ionosphere seed=20
[done] ionosphere seed=21
[done] ionosphere seed=22
[done] ionosphere seed=23
[done] ionosphere seed=24
[done] ionosphere seed=26
[done] ionosphere seed=27
[done] ionosphere seed=25
[done] tic_tac_toe seed=0
[done] tic_tac_toe seed=1
[done] ionosphere seed=28
[done] tic_tac_toe seed=2
[done] tic_tac_toe seed=3
[done] tic_tac_toe seed=4
[done] tic_tac_toe seed=5
[done] ionosphere seed=29
[done] tic_tac_toe seed=6
[done] tic_tac_toe seed=7
[done] tic_tac_toe seed=9
[done] tic_tac_toe seed=8
[done] tic_tac_toe seed=10
[done] tic_tac_toe seed=11
[done] tic_tac_toe seed=14
[done] tic_tac_toe seed=12
[done] tic_tac_toe seed=13
[done] tic_tac_toe seed=15
[done] tic_tac_toe seed=18
[done] tic_tac_toe seed=16
[done] tic_tac_toe seed=17
[done] tic_tac_toe seed=19
[done] tic_tac_toe seed=21
[done] tic_tac_toe seed=20
[done] tic_tac_toe seed=22
[done] tic_tac_toe seed=23
[done] tic_tac_toe seed=25
[done] tic_tac_toe seed=24
[done] tic_tac_toe seed=26
[done] tic_tac_toe seed=27
[done] tic_tac_toe seed=28
[done] tic_tac_toe seed=29
[done] vehicle seed=0
[done] vehicle seed=2
[done] vehicle seed=1
[done] vehicle seed=3
[done] vehicle seed=4
[done] vehicle seed=7
[done] vehicle seed=5
[done] vehicle seed=6
[done] vehicle seed=8
[done] vehicle seed=9
[done] vehicle seed=10
[done] vehicle seed=11
[done] vehicle seed=12
[done] vehicle seed=14
[done] vehicle seed=13
[done] vehicle seed=15
[done] vehicle seed=16
[done] vehicle seed=17
[done] vehicle seed=18
[done] vehicle seed=19
[done] vehicle seed=20
[done] vehicle seed=21
[done] vehicle seed=23
[done] vehicle seed=22
[done] vehicle seed=25
[done] vehicle seed=24
[done] vehicle seed=26
[done] vehicle seed=27
[done] vote seed=0
[done] vote seed=1
[done] vote seed=2
[done] vote seed=3
[done] vote seed=4
[done] vote seed=5
[done] vote seed=6
[done] vote seed=7
[done] vote seed=8
[done] vehicle seed=29
[done] vote seed=9
[done] vehicle seed=28
[done] vote seed=10
[done] vote seed=11
[done] vote seed=12
[done] vote seed=13
[done] vote seed=14
[done] vote seed=15
[done] vote seed=17
[done] vote seed=16
[done] vote seed=18
[done] vote seed=19
[done] vote seed=21
[done] vote seed=20
[done] vote seed=22
[done] vote seed=23
[done] vote seed=24
[done] vote seed=25
[done] vote seed=26
[done] vote seed=27
[done] vote seed=28
[done] vote seed=29
[done] wine seed=0
[done] wine seed=1
[done] wine seed=2
[done] wine seed=3
[done] wine seed=5
[done] wine seed=4
[done] wine seed=6
[done] wine seed=7
[done] wine seed=8
[done] wine seed=9
[done] wine seed=10
[done] wine seed=11
[done] wine seed=12
[done] wine seed=13
[done] wine seed=14
[done] wine seed=15
[done] wine seed=17
[done] wine seed=16
[done] wine seed=18
[done] wine seed=19
[done] wine seed=21
[done] wine seed=20
[done] wine seed=22
[done] wine seed=23
[done] wine seed=25
[done] wine seed=24
[done] wine seed=26
[done] wine seed=27
[done] wine seed=29
[done] wine seed=28
{
  "completed": 810,
  "failures": 0,
  "elapsed_sec": 367.25620490001165
}
Merged stage outputs into <artifact-root>\exp\final_validation
{
  "path": "RLL",
  "n_node": 32,
  "gini_feature": 42,
  "gini_threshold": -0.34497000207495476,
  "mags_feature": 42,
  "mags_threshold": 0.11418561010167626,
  "same_feature": true,
  "dataset": "sonar",
  "seed": 7,
  "both_continuous": true,
  "n_classes": 2,
  "candidate_count": 1584,
  "selected_features": [
    37,
    42
  ],
  "note": "Feature indices refer to the encoded matrix; the example is a real training node."
}
Wrote <artifact-root>\results\summary\results_master.json
Generated manuscript figures in <artifact-root>\figures
{
  "metrics_rows": 48600,
  "metrics_unique": 48600,
  "metrics_expected": 48600,
  "tree_stats_rows": 9720,
  "tree_stats_unique": 9720,
  "tree_stats_expected": 9720,
  "attack_rows": 6480,
  "attack_unique": 6480,
  "attack_expected": 6480,
  "datasets_match": true,
  "seeds_match": true,
  "methods_match": true,
  "attack_methods_match": true,
  "missing_numeric_metrics": 0,
  "passed": true
}
# Numerical Consistency Audit

Unique source: `results/summary/results_master.json`, regenerated from the three final raw CSV files.

| Check | Status | Evidence |
|---|---:|---|
| Raw-result integrity | PASS | 48,600 metrics; 9,720 tree statistics; 6,480 attacks; zero missing tasks |
| Common seeds | PASS | Every method uses seeds 0--29 |
| Method count | PASS | Observed 12 methods |
| Primary mean delta | PASS | 0.17 pp; 95% CI [-0.07, 0.41] |
| Primary median and rank test | PASS | median 0.00 pp; p=0.527; W/T/L 12/5/10 |
| Tuned MAGS vs tuned CART | PASS | mean 0.19 pp; median 0.03 pp |
| Tuned MAGS vs pruned CART | PASS | mean -0.23 pp; median -0.26 pp |
| Matched constrained-attack delta | PASS | -0.52 pp; Holm p=0.072 |
| Table 2 reporting fields | PASS | Family, raw/Holm p, effect, CI, and W/T/L are present |
| Table 3 paired fields | PASS | Paired delta, raw/Holm p, effect, CI, and W/T/L are present |
| Method summaries | PASS | 12 accuracy methods and 8 attacked tree methods |
| Figures 1--5 | PASS | PNG and PDF present for all five figures |
| Local manuscript/reply audit | PASS | Not distributed in the public artifact; use --require-manuscript in the author workspace |

Overall status: **PASS**.

....                                                                     [100%]
4 passed in 0.05s
